#
# A fatal error has been detected by the Java Runtime Environment:
#
#  EXCEPTION_ACCESS_VIOLATION (0xc0000005) at pc=0x00007ffff36b4b5e, pid=15692, tid=5504
#
# JRE version: Java(TM) SE Runtime Environment (24.0.2+12) (build 24.0.2+12-54)
# Java VM: Java HotSpot(TM) 64-Bit Server VM (24.0.2+12-54, mixed mode, sharing, tiered, compressed oops, compressed class ptrs, g1 gc, windows-amd64)
# Problematic frame:
# C  [atio6axx.dll+0x2154b5e]
#
# No core dump will be written. Minidumps are not enabled by default on client versions of Windows
#
# If you would like to submit a bug report, please visit:
#   https://bugreport.java.com/bugreport/crash.jsp
# The crash happened outside the Java Virtual Machine in native code.
# See problematic frame for where to report the bug.
#

---------------  S U M M A R Y ------------

Command Line: -Dfile.encoding=UTF-8 -Duser.country=ES -Duser.language=es -Duser.variant com.programacion.paralela.FractalMain

Host: AMD Ryzen 5 3450U with Radeon Vega Mobile Gfx  , 8 cores, 5G,  Windows 11 , 64 bit Build 26100 (10.0.26100.7019)
Time: Wed Nov 19 14:57:49 2025 Hora est. Pacífico, Sudamérica elapsed time: 3.161492 seconds (0d 0h 0m 3s)

---------------  T H R E A D  ---------------

Current thread (0x0000021182c913f0):  JavaThread "main"             [_thread_in_native, id=5504, stack(0x000000f96e400000,0x000000f96e500000) (1024K)]

Stack: [0x000000f96e400000,0x000000f96e500000],  sp=0x000000f96e4feee8,  free space=1019k
Native frames: (J=compiled Java code, j=interpreted, Vv=VM code, C=native code)
C  [atio6axx.dll+0x2154b5e]  (no source info available)
C  [atio6axx.dll+0x464c28]  (no source info available)
C  [atio6axx.dll+0x50fd5d]  (no source info available)
C  [lwjgl_opengl.dll+0xcc45]  (no source info available)
C  0x000002119438ce20  (no source info available)

The last pc belongs to native method entry point (kind = native) (printed below).
Java frames: (J=compiled Java code, j=interpreted, Vv=VM code)
j  org.lwjgl.opengl.GL11C.nglTexImage2D(IIIIIIIIJ)V+0
j  org.lwjgl.opengl.GL11C.glTexImage2D(IIIIIIIILjava/nio/IntBuffer;)V+17
j  org.lwjgl.opengl.GL11.glTexImage2D(IIIIIIIILjava/nio/IntBuffer;)V+14
j  com.programacion.paralela.FractalMain.paint()V+61
j  com.programacion.paralela.FractalMain.loop()V+28
j  com.programacion.paralela.FractalMain.run()V+19
j  com.programacion.paralela.FractalMain.main([Ljava/lang/String;)V+7
v  ~StubRoutines::call_stub 0x0000021194380fcd

siginfo: EXCEPTION_ACCESS_VIOLATION (0xc0000005), reading address 0x00000211a1c63000


Registers:
RAX=0x00000211f1399048, RBX=0x00000211f0d7d248, RCX=0x00000211f1399b60, RDX=0x00000211a1c62f58
RSP=0x000000f96e4feee8, RBP=0x000000f96e4fef81, RSI=0x000000000057e400, RDI=0x00000211f1399048
R8 =0x000000000057d8e8, R9 =0xffffffffffffffe8, R10=0x00007ffff1560000, R11=0x000000f96e4fee50
R12=0x0000000000000000, R13=0x00000211efa36e40, R14=0x0000000000000000, R15=0x00000211ef8f3080
RIP=0x00007ffff36b4b5e, EFLAGS=0x0000000000010206

XMM[0]=0x0000000000000000 0x0000000000000000
XMM[1]=0x0000000000000000 0x0000000000000000
XMM[2]=0x0000000000000000 0x0000000000000000
XMM[3]=0x0000000000000000 0x0000000000000000
XMM[4]=0x0000000000000000 0x0000000000000000
XMM[5]=0x0000003800000001 0x0000000000000010
XMM[6]=0x0000000000000000 0x3fd1cd35a858793e
XMM[7]=0x0000000000000000 0x4010000000000000
XMM[8]=0x0000000000000000 0xbaed75ee0aa274b1
XMM[9]=0x0000000000000000 0x90ee6fe4eaad2d1f
XMM[10]=0x0000000000000000 0x0000000059bebd3b
XMM[11]=0x0000000000000000 0x6d393bfe57e6691d
XMM[12]=0x0000000000000000 0x00000000eaad2d1f
XMM[13]=0x0000000000000000 0x0000000000000000
XMM[14]=0x0000000000000000 0x0000000000000000
XMM[15]=0x0000000000000000 0x0000000000000000
  MXCSR=0x00001fa0


Register to memory mapping:

RAX=0x00000211f1399048 points into unknown readable memory: 0x0000000000000000 | 00 00 00 00 00 00 00 00
RBX=0x00000211f0d7d248 points into unknown readable memory: 0x0000000000000000 | 00 00 00 00 00 00 00 00
RCX=0x00000211f1399b60 points into unknown readable memory: 0x0000000000000000 | 00 00 00 00 00 00 00 00
RDX=0x00000211a1c62f58 points into unknown readable memory: 0x0000000000000000 | 00 00 00 00 00 00 00 00
RSP=0x000000f96e4feee8 is pointing into the stack for thread: 0x0000021182c913f0
RBP=0x000000f96e4fef81 is pointing into the stack for thread: 0x0000021182c913f0
RSI=0x000000000057e400 is an unknown value
RDI=0x00000211f1399048 points into unknown readable memory: 0x0000000000000000 | 00 00 00 00 00 00 00 00
R8 =0x000000000057d8e8 is an unknown value
R9 =0xffffffffffffffe8 is an unknown value
R10=0x00007ffff1560000 atio6axx.dll
R11=0x000000f96e4fee50 is pointing into the stack for thread: 0x0000021182c913f0
R12=0x0 is null
R13=0x00000211efa36e40 points into unknown readable memory: 0x00000211f0d6f040 | 40 f0 d6 f0 11 02 00 00
R14=0x0 is null
R15=0x00000211ef8f3080 points into unknown readable memory: 0x00007ffff4f6b5d8 | d8 b5 f6 f4 ff 7f 00 00

Top of Stack: (sp=0x000000f96e4feee8)
0x000000f96e4feee8:   00007ffff19c4c28 000000f96e4fef81   (L........On....
0x000000f96e4feef8:   0000000000000000 000000000057e400   ..........W.....
0x000000f96e4fef08:   00007ffff181586c 0000021100000384   lX..............
0x000000f96e4fef18:   00007fff00000001 0000021100001908   ................
0x000000f96e4fef28:   0000000000001401 0000000100000000   ................
0x000000f96e4fef38:   0000000200000001 0000000000000000   ................
0x000000f96e4fef48:   00000211f1399048 000000000057e400   H.9.......W.....
0x000000f96e4fef58:   00000211f0d7d248 0000000000000038   H.......8.......
0x000000f96e4fef68:   000000f900000001 0000021100001908   ................
0x000000f96e4fef78:   0000000000001401 0000000000000384   ................
0x000000f96e4fef88:   0000000000001908 0000000000000000   ................
0x000000f96e4fef98:   0000000000000000 00000211e31916b8   ................
0x000000f96e4fefa8:   00000211ef8f3080 00000211ef770038   .0......8.w.....
0x000000f96e4fefb8:   00007ffff1a6fd5d 00000211ef8f3000   ]........0......
0x000000f96e4fefc8:   0000021100000de1 0000021100000000   ................
0x000000f96e4fefd8:   0000000000008058 0000021100000640   X.......@.......
0x000000f96e4fefe8:   0000000000000384 0000021100000000   ................
0x000000f96e4feff8:   000000f900001908 000000f900001401   ................
0x000000f96e4ff008:   00000211a1c62440 0000021100001401   @$..............
0x000000f96e4ff018:   0000000000001908 0000021100001401   ................
0x000000f96e4ff028:   000000f96e4ff3d0 000000006e4ff300   ..On......On....
0x000000f96e4ff038:   0000000000000000 00000211efce3758   ........X7......
0x000000f96e4ff048:   00000211ef8f3080 0000000000000000   .0..............
0x000000f96e4ff058:   00000211ef770038 00000211e35b6a00   8.w......j[.....
0x000000f96e4ff068:   0000000000000005 00002c82754287bf   ..........Bu.,..
0x000000f96e4ff078:   0000021182c913f0 000000f96e4ff240   ........@.On....
0x000000f96e4ff088:   00000211e35a9e90 0000000000000000   ..Z.............
0x000000f96e4ff098:   0000000000000170 00000211e31916b8   p...............
0x000000f96e4ff0a8:   000000f96e4ff1d8 0000000000000de1   ..On............
0x000000f96e4ff0b8:   00007ff862a9cc45 0000021100000de1   E..b............
0x000000f96e4ff0c8:   0000021100000000 0000000000008058   ........X.......
0x000000f96e4ff0d8:   0000021100000640 0000000000000384   @...............

Instructions: (pc=0x00007ffff36b4b5e)
  0x00007ffff36b4a5e:   c5 fd 7f a1 e0 00 00 00 48 81 c1 00 01 00 00 48
  0x00007ffff36b4a6e:   81 c2 00 01 00 00 49 81 e8 00 01 00 00 49 81 f8
  0x00007ffff36b4a7e:   00 01 00 00 0f 83 78 ff ff ff 4d 8d 48 1f 49 83
  0x00007ffff36b4a8e:   e1 e0 4d 8b d9 49 c1 eb 05 47 8b 9c 9a 40 80 3c
  0x00007ffff36b4a9e:   04 4d 03 da 41 ff e3 c4 a1 7e 6f 8c 0a 00 ff ff
  0x00007ffff36b4aae:   ff c4 a1 7e 7f 8c 09 00 ff ff ff c4 a1 7e 6f 8c
  0x00007ffff36b4abe:   0a 20 ff ff ff c4 a1 7e 7f 8c 09 20 ff ff ff c4
  0x00007ffff36b4ace:   a1 7e 6f 8c 0a 40 ff ff ff c4 a1 7e 7f 8c 09 40
  0x00007ffff36b4ade:   ff ff ff c4 a1 7e 6f 8c 0a 60 ff ff ff c4 a1 7e
  0x00007ffff36b4aee:   7f 8c 09 60 ff ff ff c4 a1 7e 6f 4c 0a 80 c4 a1
  0x00007ffff36b4afe:   7e 7f 4c 09 80 c4 a1 7e 6f 4c 0a a0 c4 a1 7e 7f
  0x00007ffff36b4b0e:   4c 09 a0 c4 a1 7e 6f 4c 0a c0 c4 a1 7e 7f 4c 09
  0x00007ffff36b4b1e:   c0 c4 a1 7e 7f 6c 01 e0 c5 fe 7f 00 c5 f8 77 c3
  0x00007ffff36b4b2e:   66 90 c5 fe 6f 0a c5 fe 6f 52 20 c5 fe 6f 5a 40
  0x00007ffff36b4b3e:   c5 fe 6f 62 60 c5 fd e7 09 c5 fd e7 51 20 c5 fd
  0x00007ffff36b4b4e:   e7 59 40 c5 fd e7 61 60 c5 fe 6f 8a 80 00 00 00
=>0x00007ffff36b4b5e:   c5 fe 6f 92 a0 00 00 00 c5 fe 6f 9a c0 00 00 00
  0x00007ffff36b4b6e:   c5 fe 6f a2 e0 00 00 00 c5 fd e7 89 80 00 00 00
  0x00007ffff36b4b7e:   c5 fd e7 91 a0 00 00 00 c5 fd e7 99 c0 00 00 00
  0x00007ffff36b4b8e:   c5 fd e7 a1 e0 00 00 00 48 81 c1 00 01 00 00 48
  0x00007ffff36b4b9e:   81 c2 00 01 00 00 49 81 e8 00 01 00 00 49 81 f8
  0x00007ffff36b4bae:   00 01 00 00 0f 83 78 ff ff ff 4d 8d 48 1f 49 83
  0x00007ffff36b4bbe:   e1 e0 4d 8b d9 49 c1 eb 05 47 8b 9c 9a 64 80 3c
  0x00007ffff36b4bce:   04 4d 03 da 41 ff e3 c4 a1 7e 6f 8c 0a 00 ff ff
  0x00007ffff36b4bde:   ff c4 a1 7d e7 8c 09 00 ff ff ff c4 a1 7e 6f 8c
  0x00007ffff36b4bee:   0a 20 ff ff ff c4 a1 7d e7 8c 09 20 ff ff ff c4
  0x00007ffff36b4bfe:   a1 7e 6f 8c 0a 40 ff ff ff c4 a1 7d e7 8c 09 40
  0x00007ffff36b4c0e:   ff ff ff c4 a1 7e 6f 8c 0a 60 ff ff ff c4 a1 7d
  0x00007ffff36b4c1e:   e7 8c 09 60 ff ff ff c4 a1 7e 6f 4c 0a 80 c4 a1
  0x00007ffff36b4c2e:   7d e7 4c 09 80 c4 a1 7e 6f 4c 0a a0 c4 a1 7d e7
  0x00007ffff36b4c3e:   4c 09 a0 c4 a1 7e 6f 4c 0a c0 c4 a1 7d e7 4c 09
  0x00007ffff36b4c4e:   c0 c4 a1 7e 7f 6c 01 e0 c5 fe 7f 00 0f ae f8 c5


Stack slot to memory mapping:

stack at sp + 0 slots: 0x00007ffff19c4c28 atio6axx.dll
stack at sp + 1 slots: 0x000000f96e4fef81 is pointing into the stack for thread: 0x0000021182c913f0
stack at sp + 2 slots: 0x0 is null
stack at sp + 3 slots: 0x000000000057e400 is an unknown value
stack at sp + 4 slots: 0x00007ffff181586c atio6axx.dll
stack at sp + 5 slots: 0x0000021100000384 is an unknown value
stack at sp + 6 slots: 0x00007fff00000001 is an unknown value
stack at sp + 7 slots: 0x0000021100001908 is an unknown value

Lock stack of current Java thread (top to bottom):

native method entry point (kind = native)  [0x000002119438ca40, 0x000002119438d478]  2616 bytes
[MachCode]
  0x000002119438ca40: 488b 4b08 | 0fb7 492e | 584c 8d74 | ccf8 6800 | 0000 0068 | 0000 0000 | 5055 488b | ec41 5568 
  0x000002119438ca60: 0000 0000 | 4c8b 6b08 | 4d8d 6d38 | 5348 8b53 | 0848 8b52 | 0848 8b52 | 1848 8b52 | 7048 8b12 
  0x000002119438ca80: 5248 8b53 | 1048 85d2 | 0f84 0700 | 0000 4881 | c208 0100 | 0052 488b | 5308 488b | 5208 488b 
  0x000002119438caa0: 5210 5249 | 8bc6 482b | c548 c1e8 | 0350 6800 | 0000 0068 | f7ff ffff | 41c6 8771 | 0400 0001 
  0x000002119438cac0: 488b 4310 | 4885 c074 | 208b 88cc | 0000 0083 | c102 8988 | cc00 0000 | 2388 e000 | 0000 0f84 
  0x000002119438cae0: e408 0000 | e9cd 0000 | 0048 8b43 | 1848 85c0 | 0f85 b000 | 0000 e805 | 0000 00e9 | 9900 0000 
  0x000002119438cb00: 488b d348 | 8d44 2408 | 4c89 6dc0 | 498b cfc5 | f877 4989 | afb8 0300 | 0049 8987 | a803 0000 
  0x000002119438cb20: 4883 ec20 | 40f6 c40f | 0f84 1900 | 0000 4883 | ec08 48b8 | a02f 34f7 | ff7f 0000 | ffd0 4883 
  0x000002119438cb40: c408 e90c | 0000 0048 | b8a0 2f34 | f7ff 7f00 | 00ff d048 | 83c4 2049 | c787 a803 | 0000 0000 
  0x000002119438cb60: 0000 49c7 | 87b8 0300 | 0000 0000 | 0049 c787 | b003 0000 | 0000 0000 | c5f8 7749 | 837f 0800 
  0x000002119438cb80: 0f84 0500 | 0000 e935 | 43ff ff4c | 8b6d c04c | 8b75 c84e | 8d74 f500 | c348 8b43 | 1848 85c0 
  0x000002119438cba0: 0f84 1000 | 0000 8b08 | 83c1 0289 | 0823 4814 | 0f84 1208 | 0000 493b | a7f0 0400 | 000f 8748 
  0x000002119438cbc0: 0000 0089 | 8424 00f0 | ffff 8984 | 2400 e0ff | ff89 8424 | 00d0 ffff | 8984 2400 | c0ff ff89 
  0x000002119438cbe0: 8424 00b0 | ffff 8984 | 2400 a0ff | ff89 8424 | 0090 ffff | 8984 2400 | 80ff ff49 | 3ba7 e804 
  0x000002119438cc00: 0000 7607 | 4989 a7f0 | 0400 0041 | c687 7104 | 0000 0048 | 8b5d e84c | 8b5b 0845 | 0fb7 5b2e 
  0x000002119438cc20: 41c1 e303 | 492b e348 | 83ec 2048 | 83e4 f04c | 8b5b 604d | 85db 0f85 | ab00 0000 | e805 0000 
  0x000002119438cc40: 00e9 9900 | 0000 488b | d348 8d44 | 2408 4c89 | 6dc0 498b | cfc5 f877 | 4989 afb8 | 0300 0049 
  0x000002119438cc60: 8987 a803 | 0000 4883 | ec20 40f6 | c40f 0f84 | 1900 0000 | 4883 ec08 | 48b8 e059 | 34f7 ff7f 
  0x000002119438cc80: 0000 ffd0 | 4883 c408 | e90c 0000 | 0048 b8e0 | 5934 f7ff | 7f00 00ff | d048 83c4 | 2049 c787 
  0x000002119438cca0: a803 0000 | 0000 0000 | 49c7 87b8 | 0300 0000 | 0000 0049 | c787 b003 | 0000 0000 | 0000 c5f8 
  0x000002119438ccc0: 7749 837f | 0800 0f84 | 0500 0000 | e9ef 41ff | ff4c 8b6d | c04c 8b75 | c84e 8d74 | f500 c348 
  0x000002119438cce0: 8b5d e84c | 8b5b 6041 | ffd3 488b | 5de8 4889 | 4518 448b | 5b28 41f6 | c308 0f84 | 1b00 0000 
  0x000002119438cd00: 4c8b 5b08 | 4d8b 5b08 | 4d8b 5b18 | 4d8b 5b70 | 4d8b 1b4c | 895d 1048 | 8d55 1048 | 8b43 5849 
  0x000002119438cd20: baf0 726d | f7ff 7f00 | 0049 3bc2 | 0f85 ab00 | 0000 e805 | 0000 00e9 | 9900 0000 | 488b d348 
  0x000002119438cd40: 8d44 2408 | 4c89 6dc0 | 498b cfc5 | f877 4989 | afb8 0300 | 0049 8987 | a803 0000 | 4883 ec20 
  0x000002119438cd60: 40f6 c40f | 0f84 1900 | 0000 4883 | ec08 48b8 | e059 34f7 | ff7f 0000 | ffd0 4883 | c408 e90c 
  0x000002119438cd80: 0000 0048 | b8e0 5934 | f7ff 7f00 | 00ff d048 | 83c4 2049 | c787 a803 | 0000 0000 | 0000 49c7 
  0x000002119438cda0: 87b8 0300 | 0000 0000 | 0049 c787 | b003 0000 | 0000 0000 | c5f8 7749 | 837f 0800 | 0f84 0500 
  0x000002119438cdc0: 0000 e9f9 | 40ff ff4c | 8b6d c04c | 8b75 c84e | 8d74 f500 | c348 8b5d | e848 8b43 | 5849 8d8f 
  0x000002119438cde0: c803 0000 | 4c8d 15d5 | 0000 004d | 8997 b003 | 0000 c5f8 | 7749 89af | b803 0000 | 4989 a7a8 
  0x000002119438ce00: 0300 0041 | c787 5404 | 0000 0400 | 0000 493b | a748 0500 | 0076 0749 | 89a7 4805 | 0000 ffd0 
  0x000002119438ce20: 493b a748 | 0500 0072 | 0b49 c787 | 4805 0000 | 0000 0000 | c5f8 7748 | 83ec 10c5 | fb11 0424 
  0x000002119438ce40: 4883 ec10 | 4889 0424 | 48c7 4424 | 0800 0000 | 0041 c787 | 5404 0000 | 0500 0000 | f083 4424 
  0x000002119438ce60: c000 493b | 6f28 0f87 | 0e00 0000 | 4183 bf50 | 0400 0000 | 0f84 2000 | 0000 498b | cf4c 8be4 
  0x000002119438ce80: 4883 ec20 | 4883 e4f0 | 48b8 10b9 | 35f7 ff7f | 0000 ffd0 | 498b e44d | 33e4 41c7 | 8754 0400 
  0x000002119438cea0: 0008 0000 | 004d 8b97 | 7005 0000 | 4983 fa00 | 7435 49c7 | 8770 0500 | 0000 0000 | 0041 ffe2 
  0x000002119438cec0: 49ba 00bb | 3894 1102 | 0000 41ff | d248 83ec | 10c5 fb11 | 0424 4883 | ec10 4889 | 0424 48c7 
  0x000002119438cee0: 4424 0800 | 0000 0049 | c787 a803 | 0000 0000 | 0000 49c7 | 87b8 0300 | 0000 0000 | 0049 c787 
  0x000002119438cf00: b003 0000 | 0000 0000 | c5f8 774d | 8b9f 3804 | 0000 41c7 | 8300 0100 | 0000 0000 | 0049 bb3a 
  0x000002119438cf20: a438 9411 | 0200 004c | 3b5d 180f | 8555 0100 | 0048 8b04 | 2448 83c4 | 1048 85c0 | 0f84 2f01 
  0x000002119438cf40: 0000 a803 | 0f85 0800 | 0000 488b | 00e9 1f01 | 0000 a801 | 0f85 0900 | 0000 488b | 40fe e90e 
  0x000002119438cf60: 0100 0048 | 8b40 ff41 | 807f 4800 | 0f84 ff00 | 0000 4883 | f800 0f84 | f500 0000 | 4d8b 5f38 
  0x000002119438cf80: 4d85 db0f | 8414 0000 | 0049 83eb | 084d 895f | 384d 035f | 4049 8903 | e9d4 0000 | 0048 83ec 
  0x000002119438cfa0: 7048 8904 | 2448 894c | 2408 4889 | 5424 104c | 8944 2418 | 4c89 4c24 | 204c 8954 | 2428 4c89 
  0x000002119438cfc0: 5c24 30c5 | fb11 4424 | 40c5 fb11 | 4c24 48c5 | fb11 5424 | 50c5 fb11 | 5c24 58c5 | fb11 6424 
  0x000002119438cfe0: 60c5 fb11 | 6c24 6849 | 8bd7 488b | c848 83ec | 2040 f6c4 | 0f0f 8419 | 0000 0048 | 83ec 0848 
  0x000002119438d000: b850 4928 | f7ff 7f00 | 00ff d048 | 83c4 08e9 | 0c00 0000 | 48b8 5049 | 28f7 ff7f | 0000 ffd0 
  0x000002119438d020: 4883 c420 | c5fb 106c | 2468 c5fb | 1064 2460 | c5fb 105c | 2458 c5fb | 1054 2450 | c5fb 104c 
  0x000002119438d040: 2448 c5fb | 1044 2440 | 4c8b 5c24 | 304c 8b54 | 2428 4c8b | 4c24 204c | 8b44 2418 | 488b 5424 
  0x000002119438d060: 1048 8b4c | 2408 488b | 0424 4883 | c470 c5f8 | 7748 8945 | 1048 83ec | 1048 8904 | 2448 c744 
  0x000002119438d080: 2408 0000 | 0000 4183 | bfd0 0400 | 0002 0f85 | bf00 0000 | 4881 ec80 | 0000 0048 | 8944 2478 
  0x000002119438d0a0: 4889 4c24 | 7048 8954 | 2468 4889 | 5c24 6048 | 896c 2450 | 4889 7424 | 4848 897c | 2440 4c89 
  0x000002119438d0c0: 4424 384c | 894c 2430 | 4c89 5424 | 284c 895c | 2420 4c89 | 6424 184c | 896c 2410 | 4c89 7424 
  0x000002119438d0e0: 084c 893c | 244c 8be4 | 4883 ec20 | 4883 e4f0 | 48b8 8059 | 6df7 ff7f | 0000 ffd0 | 498b e44c 
  0x000002119438d100: 8b3c 244c | 8b74 2408 | 4c8b 6c24 | 104c 8b64 | 2418 4c8b | 5c24 204c | 8b54 2428 | 4c8b 4c24 
  0x000002119438d120: 304c 8b44 | 2438 488b | 7c24 4048 | 8b74 2448 | 488b 6c24 | 5048 8b5c | 2460 488b | 5424 6848 
  0x000002119438d140: 8b4c 2470 | 488b 4424 | 7848 81c4 | 8000 0000 | 4d33 e448 | 8b5d e84c | 8b6b 084d | 8d6d 3849 
  0x000002119438d160: 837f 0800 | 0f84 bb00 | 0000 e805 | 0000 00e9 | 9600 0000 | 488d 4424 | 084c 896d | c049 8bcf 
  0x000002119438d180: c5f8 7749 | 89af b803 | 0000 4989 | 87a8 0300 | 0048 83ec | 2040 f6c4 | 0f0f 8419 | 0000 0048 
  0x000002119438d1a0: 83ec 0848 | b880 7834 | f7ff 7f00 | 00ff d048 | 83c4 08e9 | 0c00 0000 | 48b8 8078 | 34f7 ff7f 
  0x000002119438d1c0: 0000 ffd0 | 4883 c420 | 49c7 87a8 | 0300 0000 | 0000 0049 | c787 b803 | 0000 0000 | 0000 49c7 
  0x000002119438d1e0: 87b0 0300 | 0000 0000 | 00c5 f877 | 4983 7f08 | 000f 8405 | 0000 00e9 | c43c ffff | 4c8b 6dc0 
  0x000002119438d200: 4c8b 75c8 | 4e8d 74f5 | 00c3 48b9 | 08ec 93f7 | ff7f 0000 | 4883 e4f0 | 48b8 00a9 | 5af7 ff7f 
  0x000002119438d220: 0000 ffd0 | f444 8b5b | 2841 f6c3 | 200f 8472 | 0100 0048 | 8d55 a84c | 8b5a 084d | 85db 0f85 
  0x000002119438d240: bb00 0000 | e805 0000 | 00e9 9600 | 0000 488d | 4424 084c | 896d c049 | 8bcf c5f8 | 7749 89af 
  0x000002119438d260: b803 0000 | 4989 87a8 | 0300 0048 | 83ec 2040 | f6c4 0f0f | 8419 0000 | 0048 83ec | 0848 b8b0 
  0x000002119438d280: 7734 f7ff | 7f00 00ff | d048 83c4 | 08e9 0c00 | 0000 48b8 | b077 34f7 | ff7f 0000 | ffd0 4883 
  0x000002119438d2a0: c420 49c7 | 87a8 0300 | 0000 0000 | 0049 c787 | b803 0000 | 0000 0000 | 49c7 87b0 | 0300 0000 
  0x000002119438d2c0: 0000 00c5 | f877 4983 | 7f08 000f | 8405 0000 | 00e9 ea3b | ffff 4c8b | 6dc0 4c8b | 75c8 4e8d 
  0x000002119438d2e0: 74f5 00c3 | 48b9 08ec | 93f7 ff7f | 0000 4883 | e4f0 48b8 | 00a9 5af7 | ff7f 0000 | ffd0 f44c 
  0x000002119438d300: 896d c04c | 8b4a 0848 | c742 0800 | 0000 0045 | 8b87 5806 | 0000 4f3b | 4c07 f80f | 8542 0000 
  0x000002119438d320: 0041 83af | 5806 0000 | 084f 3b4c | 07f0 0f84 | 2a00 0000 | 498b 01a8 | 020f 8512 | 0000 004c 
  0x000002119438d340: 8bc0 4983 | c801 f04d | 0fb1 010f | 840d 0000 | 0041 8387 | 5806 0000 | 08e9 0500 | 0000 e93e 
  0x000002119438d360: 0000 004c | 894a 0848 | 8bca 4883 | ec20 40f6 | c40f 0f84 | 1900 0000 | 4883 ec08 | 48b8 d049 
  0x000002119438d380: 34f7 ff7f | 0000 ffd0 | 4883 c408 | e90c 0000 | 0048 b8d0 | 4934 f7ff | 7f00 00ff | d048 83c4 
  0x000002119438d3a0: 204c 8b6d | c048 8b04 | 2448 83c4 | 10c5 fb10 | 0424 4883 | c410 4c8b | 5d18 41ff | d34c 8b5d 
  0x000002119438d3c0: f8c9 5f49 | 8be3 ffe7 | ba00 0000 | 00e8 0500 | 0000 e996 | 0000 0048 | 8d44 2408 | 4c89 6dc0 
  0x000002119438d3e0: 498b cfc5 | f877 4989 | afb8 0300 | 0049 8987 | a803 0000 | 4883 ec20 | 40f6 c40f | 0f84 1900 
  0x000002119438d400: 0000 4883 | ec08 48b8 | 703e 34f7 | ff7f 0000 | ffd0 4883 | c408 e90c | 0000 0048 | b870 3e34 
  0x000002119438d420: f7ff 7f00 | 00ff d048 | 83c4 2049 | c787 a803 | 0000 0000 | 0000 49c7 | 87b8 0300 | 0000 0000 
  0x000002119438d440: 0049 c787 | b003 0000 | 0000 0000 | c5f8 7749 | 837f 0800 | 0f84 0500 | 0000 e961 | 3aff ff4c 
  0x000002119438d460: 8b6d c04c | 8b75 c84e | 8d74 f500 | c348 8b5d | e8e9 40f7 | ffff 6690 
[/MachCode]

---------------  P R O C E S S  ---------------

Threads class SMR info:
_java_thread_list=0x00000211a114c780, length=11, elements={
0x0000021182c913f0, 0x00000211a10d8690, 0x00000211a10d9940, 0x00000211a10e2010,
0x00000211a10e2b40, 0x00000211a10e41e0, 0x00000211a10e59b0, 0x00000211a10eaf60,
0x00000211a10f7290, 0x00000211a11bb8f0, 0x00000211a114de70
}

Java Threads: ( => current thread )
=>0x0000021182c913f0 JavaThread "main"                              [_thread_in_native, id=5504, stack(0x000000f96e400000,0x000000f96e500000) (1024K)]
  0x00000211a10d8690 JavaThread "Reference Handler"          daemon [_thread_blocked, id=14592, stack(0x000000f96ec00000,0x000000f96ed00000) (1024K)]
  0x00000211a10d9940 JavaThread "Finalizer"                  daemon [_thread_blocked, id=4756, stack(0x000000f96ed00000,0x000000f96ee00000) (1024K)]
  0x00000211a10e2010 JavaThread "Signal Dispatcher"          daemon [_thread_blocked, id=17836, stack(0x000000f96ee00000,0x000000f96ef00000) (1024K)]
  0x00000211a10e2b40 JavaThread "Attach Listener"            daemon [_thread_blocked, id=2740, stack(0x000000f96ef00000,0x000000f96f000000) (1024K)]
  0x00000211a10e41e0 JavaThread "Service Thread"             daemon [_thread_blocked, id=17604, stack(0x000000f96f000000,0x000000f96f100000) (1024K)]
  0x00000211a10e59b0 JavaThread "Monitor Deflation Thread"   daemon [_thread_blocked, id=5604, stack(0x000000f96f100000,0x000000f96f200000) (1024K)]
  0x00000211a10eaf60 JavaThread "C2 CompilerThread0"         daemon [_thread_blocked, id=13696, stack(0x000000f96f200000,0x000000f96f300000) (1024K)]
  0x00000211a10f7290 JavaThread "C1 CompilerThread0"         daemon [_thread_blocked, id=19788, stack(0x000000f96f300000,0x000000f96f400000) (1024K)]
  0x00000211a11bb8f0 JavaThread "Notification Thread"        daemon [_thread_blocked, id=12520, stack(0x000000f96f400000,0x000000f96f500000) (1024K)]
  0x00000211a114de70 JavaThread "Common-Cleaner"             daemon [_thread_blocked, id=15592, stack(0x000000f96f500000,0x000000f96f600000) (1024K)]
Total: 11

Other Threads:
  0x00000211a10c7a90 VMThread "VM Thread"                           [id=17928, stack(0x000000f96eb00000,0x000000f96ec00000) (1024K)]
  0x00000211a10bb830 WatcherThread "VM Periodic Task Thread"        [id=10320, stack(0x000000f96ea00000,0x000000f96eb00000) (1024K)]
  0x0000021182cd2980 WorkerThread "GC Thread#0"                     [id=3492, stack(0x000000f96e500000,0x000000f96e600000) (1024K)]
  0x0000021182ce2610 ConcurrentGCThread "G1 Main Marker"            [id=14308, stack(0x000000f96e600000,0x000000f96e700000) (1024K)]
  0x0000021182ce5e30 WorkerThread "G1 Conc#0"                       [id=10212, stack(0x000000f96e700000,0x000000f96e800000) (1024K)]
  0x00000211a0f7e530 ConcurrentGCThread "G1 Refine#0"               [id=17416, stack(0x000000f96e800000,0x000000f96e900000) (1024K)]
  0x00000211a0f7ef50 ConcurrentGCThread "G1 Service"                [id=7924, stack(0x000000f96e900000,0x000000f96ea00000) (1024K)]
Total: 7

Threads with active compile tasks:
Total: 0

VM state: not at safepoint (normal execution)

VM Mutex/Monitor currently owned by a thread: None

Heap address: 0x00000000a1c00000, size: 1508 MB, Compressed Oops mode: 32-bit

CDS archive(s) mapped at: [0x00000211a2000000-0x00000211a2d40000-0x00000211a2d40000), size 13893632, SharedBaseAddress: 0x00000211a2000000, ArchiveRelocationMode: 1.
Compressed class space mapped at: 0x00000211a3000000-0x00000211e3000000, reserved size: 1073741824
UseCompressedClassPointers 1, UseCompactObjectHeaders 0
Narrow klass pointer bits 32, Max shift 3
Narrow klass base: 0x00000211a2000000, Narrow klass shift: 0
Encoding Range: [0x00000211a2000000 - 0x00000212a2000000), (4294967296 bytes)
Klass Range:    [0x00000211a2000000 - 0x00000211e3000000), (1090519040 bytes)
Klass ID Range:  [8 - 1090519033) (1090519025)

GC Precious Log:
 CardTable entry size: 512
 Card Set container configuration: InlinePtr #cards 5 size 8 Array Of Cards #cards 10 size 36 Howl #buckets 4 coarsen threshold 1843 Howl Bitmap #cards 512 size 80 coarsen threshold 460 Card regions per heap region 1 cards per card region 2048
 CPUs: 8 total, 8 available
 Memory: 6030M
 Large Page Support: Disabled
 NUMA Support: Disabled
 Compressed Oops: Enabled (32-bit)
 Heap Region Size: 1M
 Heap Min Capacity: 8M
 Heap Initial Capacity: 96M
 Heap Max Capacity: 1508M
 Pre-touch: Disabled
 Parallel Workers: 8
 Concurrent Workers: 2
 Concurrent Refinement Workers: 8
 Periodic GC: Disabled

Heap:
 garbage-first heap   total reserved 1544192K, committed 100352K, used 14452K [0x00000000a1c00000, 0x0000000100000000)
  region size 1024K, 9 young (9216K), 0 survivors (0K)
 Metaspace       used 3591K, committed 3776K, reserved 1114112K
  class space    used 199K, committed 256K, reserved 1048576K

Heap Regions: E=young(eden), S=young(survivor), O=old, HS=humongous(starts), HC=humongous(continues), CS=collection set, F=free, TAMS=top-at-mark-start, PB=parsable bottom
|   0|0x00000000a1c00000, 0x00000000a1d00000, 0x00000000a1d00000|100%|HS|  |TAMS 0x00000000a1c00000| PB 0x00000000a1c00000| Complete |  0
|   1|0x00000000a1d00000, 0x00000000a1e00000, 0x00000000a1e00000|100%|HC|  |TAMS 0x00000000a1d00000| PB 0x00000000a1d00000| Complete |  0
|   2|0x00000000a1e00000, 0x00000000a1f00000, 0x00000000a1f00000|100%|HC|  |TAMS 0x00000000a1e00000| PB 0x00000000a1e00000| Complete |  0
|   3|0x00000000a1f00000, 0x00000000a2000000, 0x00000000a2000000|100%|HC|  |TAMS 0x00000000a1f00000| PB 0x00000000a1f00000| Complete |  0
|   4|0x00000000a2000000, 0x00000000a2100000, 0x00000000a2100000|100%|HC|  |TAMS 0x00000000a2000000| PB 0x00000000a2000000| Complete |  0
|   5|0x00000000a2100000, 0x00000000a2200000, 0x00000000a2200000|100%|HC|  |TAMS 0x00000000a2100000| PB 0x00000000a2100000| Complete |  0
|   6|0x00000000a2200000, 0x00000000a2200000, 0x00000000a2300000|  0%| F|  |TAMS 0x00000000a2200000| PB 0x00000000a2200000| Untracked |  0
|   7|0x00000000a2300000, 0x00000000a2300000, 0x00000000a2400000|  0%| F|  |TAMS 0x00000000a2300000| PB 0x00000000a2300000| Untracked |  0
|   8|0x00000000a2400000, 0x00000000a2400000, 0x00000000a2500000|  0%| F|  |TAMS 0x00000000a2400000| PB 0x00000000a2400000| Untracked |  0
|   9|0x00000000a2500000, 0x00000000a2500000, 0x00000000a2600000|  0%| F|  |TAMS 0x00000000a2500000| PB 0x00000000a2500000| Untracked |  0
|  10|0x00000000a2600000, 0x00000000a2600000, 0x00000000a2700000|  0%| F|  |TAMS 0x00000000a2600000| PB 0x00000000a2600000| Untracked |  0
|  11|0x00000000a2700000, 0x00000000a2700000, 0x00000000a2800000|  0%| F|  |TAMS 0x00000000a2700000| PB 0x00000000a2700000| Untracked |  0
|  12|0x00000000a2800000, 0x00000000a2800000, 0x00000000a2900000|  0%| F|  |TAMS 0x00000000a2800000| PB 0x00000000a2800000| Untracked |  0
|  13|0x00000000a2900000, 0x00000000a2900000, 0x00000000a2a00000|  0%| F|  |TAMS 0x00000000a2900000| PB 0x00000000a2900000| Untracked |  0
|  14|0x00000000a2a00000, 0x00000000a2a00000, 0x00000000a2b00000|  0%| F|  |TAMS 0x00000000a2a00000| PB 0x00000000a2a00000| Untracked |  0
|  15|0x00000000a2b00000, 0x00000000a2b00000, 0x00000000a2c00000|  0%| F|  |TAMS 0x00000000a2b00000| PB 0x00000000a2b00000| Untracked |  0
|  16|0x00000000a2c00000, 0x00000000a2c00000, 0x00000000a2d00000|  0%| F|  |TAMS 0x00000000a2c00000| PB 0x00000000a2c00000| Untracked |  0
|  17|0x00000000a2d00000, 0x00000000a2d00000, 0x00000000a2e00000|  0%| F|  |TAMS 0x00000000a2d00000| PB 0x00000000a2d00000| Untracked |  0
|  18|0x00000000a2e00000, 0x00000000a2e00000, 0x00000000a2f00000|  0%| F|  |TAMS 0x00000000a2e00000| PB 0x00000000a2e00000| Untracked |  0
|  19|0x00000000a2f00000, 0x00000000a2f00000, 0x00000000a3000000|  0%| F|  |TAMS 0x00000000a2f00000| PB 0x00000000a2f00000| Untracked |  0
|  20|0x00000000a3000000, 0x00000000a3000000, 0x00000000a3100000|  0%| F|  |TAMS 0x00000000a3000000| PB 0x00000000a3000000| Untracked |  0
|  21|0x00000000a3100000, 0x00000000a3100000, 0x00000000a3200000|  0%| F|  |TAMS 0x00000000a3100000| PB 0x00000000a3100000| Untracked |  0
|  22|0x00000000a3200000, 0x00000000a3200000, 0x00000000a3300000|  0%| F|  |TAMS 0x00000000a3200000| PB 0x00000000a3200000| Untracked |  0
|  23|0x00000000a3300000, 0x00000000a3300000, 0x00000000a3400000|  0%| F|  |TAMS 0x00000000a3300000| PB 0x00000000a3300000| Untracked |  0
|  24|0x00000000a3400000, 0x00000000a3400000, 0x00000000a3500000|  0%| F|  |TAMS 0x00000000a3400000| PB 0x00000000a3400000| Untracked |  0
|  25|0x00000000a3500000, 0x00000000a3500000, 0x00000000a3600000|  0%| F|  |TAMS 0x00000000a3500000| PB 0x00000000a3500000| Untracked |  0
|  26|0x00000000a3600000, 0x00000000a3600000, 0x00000000a3700000|  0%| F|  |TAMS 0x00000000a3600000| PB 0x00000000a3600000| Untracked |  0
|  27|0x00000000a3700000, 0x00000000a3700000, 0x00000000a3800000|  0%| F|  |TAMS 0x00000000a3700000| PB 0x00000000a3700000| Untracked |  0
|  28|0x00000000a3800000, 0x00000000a3800000, 0x00000000a3900000|  0%| F|  |TAMS 0x00000000a3800000| PB 0x00000000a3800000| Untracked |  0
|  29|0x00000000a3900000, 0x00000000a3900000, 0x00000000a3a00000|  0%| F|  |TAMS 0x00000000a3900000| PB 0x00000000a3900000| Untracked |  0
|  30|0x00000000a3a00000, 0x00000000a3a00000, 0x00000000a3b00000|  0%| F|  |TAMS 0x00000000a3a00000| PB 0x00000000a3a00000| Untracked |  0
|  31|0x00000000a3b00000, 0x00000000a3b00000, 0x00000000a3c00000|  0%| F|  |TAMS 0x00000000a3b00000| PB 0x00000000a3b00000| Untracked |  0
|  32|0x00000000a3c00000, 0x00000000a3c00000, 0x00000000a3d00000|  0%| F|  |TAMS 0x00000000a3c00000| PB 0x00000000a3c00000| Untracked |  0
|  33|0x00000000a3d00000, 0x00000000a3d00000, 0x00000000a3e00000|  0%| F|  |TAMS 0x00000000a3d00000| PB 0x00000000a3d00000| Untracked |  0
|  34|0x00000000a3e00000, 0x00000000a3e00000, 0x00000000a3f00000|  0%| F|  |TAMS 0x00000000a3e00000| PB 0x00000000a3e00000| Untracked |  0
|  35|0x00000000a3f00000, 0x00000000a3f00000, 0x00000000a4000000|  0%| F|  |TAMS 0x00000000a3f00000| PB 0x00000000a3f00000| Untracked |  0
|  36|0x00000000a4000000, 0x00000000a4000000, 0x00000000a4100000|  0%| F|  |TAMS 0x00000000a4000000| PB 0x00000000a4000000| Untracked |  0
|  37|0x00000000a4100000, 0x00000000a4100000, 0x00000000a4200000|  0%| F|  |TAMS 0x00000000a4100000| PB 0x00000000a4100000| Untracked |  0
|  38|0x00000000a4200000, 0x00000000a4200000, 0x00000000a4300000|  0%| F|  |TAMS 0x00000000a4200000| PB 0x00000000a4200000| Untracked |  0
|  39|0x00000000a4300000, 0x00000000a4300000, 0x00000000a4400000|  0%| F|  |TAMS 0x00000000a4300000| PB 0x00000000a4300000| Untracked |  0
|  40|0x00000000a4400000, 0x00000000a4400000, 0x00000000a4500000|  0%| F|  |TAMS 0x00000000a4400000| PB 0x00000000a4400000| Untracked |  0
|  41|0x00000000a4500000, 0x00000000a4500000, 0x00000000a4600000|  0%| F|  |TAMS 0x00000000a4500000| PB 0x00000000a4500000| Untracked |  0
|  42|0x00000000a4600000, 0x00000000a4600000, 0x00000000a4700000|  0%| F|  |TAMS 0x00000000a4600000| PB 0x00000000a4600000| Untracked |  0
|  43|0x00000000a4700000, 0x00000000a4700000, 0x00000000a4800000|  0%| F|  |TAMS 0x00000000a4700000| PB 0x00000000a4700000| Untracked |  0
|  44|0x00000000a4800000, 0x00000000a4800000, 0x00000000a4900000|  0%| F|  |TAMS 0x00000000a4800000| PB 0x00000000a4800000| Untracked |  0
|  45|0x00000000a4900000, 0x00000000a4900000, 0x00000000a4a00000|  0%| F|  |TAMS 0x00000000a4900000| PB 0x00000000a4900000| Untracked |  0
|  46|0x00000000a4a00000, 0x00000000a4a00000, 0x00000000a4b00000|  0%| F|  |TAMS 0x00000000a4a00000| PB 0x00000000a4a00000| Untracked |  0
|  47|0x00000000a4b00000, 0x00000000a4b00000, 0x00000000a4c00000|  0%| F|  |TAMS 0x00000000a4b00000| PB 0x00000000a4b00000| Untracked |  0
|  48|0x00000000a4c00000, 0x00000000a4c00000, 0x00000000a4d00000|  0%| F|  |TAMS 0x00000000a4c00000| PB 0x00000000a4c00000| Untracked |  0
|  49|0x00000000a4d00000, 0x00000000a4d00000, 0x00000000a4e00000|  0%| F|  |TAMS 0x00000000a4d00000| PB 0x00000000a4d00000| Untracked |  0
|  50|0x00000000a4e00000, 0x00000000a4e00000, 0x00000000a4f00000|  0%| F|  |TAMS 0x00000000a4e00000| PB 0x00000000a4e00000| Untracked |  0
|  51|0x00000000a4f00000, 0x00000000a4f00000, 0x00000000a5000000|  0%| F|  |TAMS 0x00000000a4f00000| PB 0x00000000a4f00000| Untracked |  0
|  52|0x00000000a5000000, 0x00000000a5000000, 0x00000000a5100000|  0%| F|  |TAMS 0x00000000a5000000| PB 0x00000000a5000000| Untracked |  0
|  53|0x00000000a5100000, 0x00000000a5100000, 0x00000000a5200000|  0%| F|  |TAMS 0x00000000a5100000| PB 0x00000000a5100000| Untracked |  0
|  54|0x00000000a5200000, 0x00000000a5200000, 0x00000000a5300000|  0%| F|  |TAMS 0x00000000a5200000| PB 0x00000000a5200000| Untracked |  0
|  55|0x00000000a5300000, 0x00000000a5300000, 0x00000000a5400000|  0%| F|  |TAMS 0x00000000a5300000| PB 0x00000000a5300000| Untracked |  0
|  56|0x00000000a5400000, 0x00000000a5400000, 0x00000000a5500000|  0%| F|  |TAMS 0x00000000a5400000| PB 0x00000000a5400000| Untracked |  0
|  57|0x00000000a5500000, 0x00000000a5500000, 0x00000000a5600000|  0%| F|  |TAMS 0x00000000a5500000| PB 0x00000000a5500000| Untracked |  0
|  58|0x00000000a5600000, 0x00000000a5600000, 0x00000000a5700000|  0%| F|  |TAMS 0x00000000a5600000| PB 0x00000000a5600000| Untracked |  0
|  59|0x00000000a5700000, 0x00000000a5700000, 0x00000000a5800000|  0%| F|  |TAMS 0x00000000a5700000| PB 0x00000000a5700000| Untracked |  0
|  60|0x00000000a5800000, 0x00000000a5800000, 0x00000000a5900000|  0%| F|  |TAMS 0x00000000a5800000| PB 0x00000000a5800000| Untracked |  0
|  61|0x00000000a5900000, 0x00000000a5900000, 0x00000000a5a00000|  0%| F|  |TAMS 0x00000000a5900000| PB 0x00000000a5900000| Untracked |  0
|  62|0x00000000a5a00000, 0x00000000a5a00000, 0x00000000a5b00000|  0%| F|  |TAMS 0x00000000a5a00000| PB 0x00000000a5a00000| Untracked |  0
|  63|0x00000000a5b00000, 0x00000000a5b00000, 0x00000000a5c00000|  0%| F|  |TAMS 0x00000000a5b00000| PB 0x00000000a5b00000| Untracked |  0
|  64|0x00000000a5c00000, 0x00000000a5c00000, 0x00000000a5d00000|  0%| F|  |TAMS 0x00000000a5c00000| PB 0x00000000a5c00000| Untracked |  0
|  65|0x00000000a5d00000, 0x00000000a5d00000, 0x00000000a5e00000|  0%| F|  |TAMS 0x00000000a5d00000| PB 0x00000000a5d00000| Untracked |  0
|  66|0x00000000a5e00000, 0x00000000a5e00000, 0x00000000a5f00000|  0%| F|  |TAMS 0x00000000a5e00000| PB 0x00000000a5e00000| Untracked |  0
|  67|0x00000000a5f00000, 0x00000000a5f00000, 0x00000000a6000000|  0%| F|  |TAMS 0x00000000a5f00000| PB 0x00000000a5f00000| Untracked |  0
|  68|0x00000000a6000000, 0x00000000a6000000, 0x00000000a6100000|  0%| F|  |TAMS 0x00000000a6000000| PB 0x00000000a6000000| Untracked |  0
|  69|0x00000000a6100000, 0x00000000a6100000, 0x00000000a6200000|  0%| F|  |TAMS 0x00000000a6100000| PB 0x00000000a6100000| Untracked |  0
|  70|0x00000000a6200000, 0x00000000a6200000, 0x00000000a6300000|  0%| F|  |TAMS 0x00000000a6200000| PB 0x00000000a6200000| Untracked |  0
|  71|0x00000000a6300000, 0x00000000a6300000, 0x00000000a6400000|  0%| F|  |TAMS 0x00000000a6300000| PB 0x00000000a6300000| Untracked |  0
|  72|0x00000000a6400000, 0x00000000a6400000, 0x00000000a6500000|  0%| F|  |TAMS 0x00000000a6400000| PB 0x00000000a6400000| Untracked |  0
|  73|0x00000000a6500000, 0x00000000a6500000, 0x00000000a6600000|  0%| F|  |TAMS 0x00000000a6500000| PB 0x00000000a6500000| Untracked |  0
|  74|0x00000000a6600000, 0x00000000a6600000, 0x00000000a6700000|  0%| F|  |TAMS 0x00000000a6600000| PB 0x00000000a6600000| Untracked |  0
|  75|0x00000000a6700000, 0x00000000a6700000, 0x00000000a6800000|  0%| F|  |TAMS 0x00000000a6700000| PB 0x00000000a6700000| Untracked |  0
|  76|0x00000000a6800000, 0x00000000a6800000, 0x00000000a6900000|  0%| F|  |TAMS 0x00000000a6800000| PB 0x00000000a6800000| Untracked |  0
|  77|0x00000000a6900000, 0x00000000a6900000, 0x00000000a6a00000|  0%| F|  |TAMS 0x00000000a6900000| PB 0x00000000a6900000| Untracked |  0
|  78|0x00000000a6a00000, 0x00000000a6a00000, 0x00000000a6b00000|  0%| F|  |TAMS 0x00000000a6a00000| PB 0x00000000a6a00000| Untracked |  0
|  79|0x00000000a6b00000, 0x00000000a6b00000, 0x00000000a6c00000|  0%| F|  |TAMS 0x00000000a6b00000| PB 0x00000000a6b00000| Untracked |  0
|  80|0x00000000a6c00000, 0x00000000a6c00000, 0x00000000a6d00000|  0%| F|  |TAMS 0x00000000a6c00000| PB 0x00000000a6c00000| Untracked |  0
|  81|0x00000000a6d00000, 0x00000000a6d00000, 0x00000000a6e00000|  0%| F|  |TAMS 0x00000000a6d00000| PB 0x00000000a6d00000| Untracked |  0
|  82|0x00000000a6e00000, 0x00000000a6e00000, 0x00000000a6f00000|  0%| F|  |TAMS 0x00000000a6e00000| PB 0x00000000a6e00000| Untracked |  0
|  83|0x00000000a6f00000, 0x00000000a6f00000, 0x00000000a7000000|  0%| F|  |TAMS 0x00000000a6f00000| PB 0x00000000a6f00000| Untracked |  0
|  84|0x00000000a7000000, 0x00000000a7000000, 0x00000000a7100000|  0%| F|  |TAMS 0x00000000a7000000| PB 0x00000000a7000000| Untracked |  0
|  85|0x00000000a7100000, 0x00000000a7100000, 0x00000000a7200000|  0%| F|  |TAMS 0x00000000a7100000| PB 0x00000000a7100000| Untracked |  0
|  86|0x00000000a7200000, 0x00000000a7200000, 0x00000000a7300000|  0%| F|  |TAMS 0x00000000a7200000| PB 0x00000000a7200000| Untracked |  0
|  87|0x00000000a7300000, 0x00000000a7380000, 0x00000000a7400000| 50%| E|  |TAMS 0x00000000a7300000| PB 0x00000000a7300000| Complete |  0
|  88|0x00000000a7400000, 0x00000000a7500000, 0x00000000a7500000|100%| E|CS|TAMS 0x00000000a7400000| PB 0x00000000a7400000| Complete |  0
|  89|0x00000000a7500000, 0x00000000a7600000, 0x00000000a7600000|100%| E|  |TAMS 0x00000000a7500000| PB 0x00000000a7500000| Complete |  0
|  90|0x00000000a7600000, 0x00000000a7700000, 0x00000000a7700000|100%| E|CS|TAMS 0x00000000a7600000| PB 0x00000000a7600000| Complete |  0
|  91|0x00000000a7700000, 0x00000000a7800000, 0x00000000a7800000|100%| E|CS|TAMS 0x00000000a7700000| PB 0x00000000a7700000| Complete |  0
|  92|0x00000000a7800000, 0x00000000a7900000, 0x00000000a7900000|100%| E|CS|TAMS 0x00000000a7800000| PB 0x00000000a7800000| Complete |  0
|  93|0x00000000a7900000, 0x00000000a7a00000, 0x00000000a7a00000|100%| E|CS|TAMS 0x00000000a7900000| PB 0x00000000a7900000| Complete |  0
|  94|0x00000000a7a00000, 0x00000000a7b00000, 0x00000000a7b00000|100%| E|CS|TAMS 0x00000000a7a00000| PB 0x00000000a7a00000| Complete |  0
|  95|0x00000000a7b00000, 0x00000000a7c00000, 0x00000000a7c00000|100%| E|CS|TAMS 0x00000000a7b00000| PB 0x00000000a7b00000| Complete |  0
|1506|0x00000000ffe00000, 0x00000000fff00000, 0x00000000fff00000|100%| O|  |TAMS 0x00000000ffe00000| PB 0x00000000ffe00000| Untracked |  0
|1507|0x00000000fff00000, 0x00000000fff1d248, 0x0000000100000000| 11%| O|  |TAMS 0x00000000fff00000| PB 0x00000000fff00000| Untracked |  0

Card table byte_map: [0x000002119cbd0000,0x000002119ced0000] _byte_map_base: 0x000002119c6c2000

Marking Bits: (CMBitMap*) 0x0000021182cd3090
 Bits: [0x000002119ced0000, 0x000002119e660000)

Polling page: 0x0000021182d60000

Metaspace:

Usage:
  Non-class:      3.31 MB used.
      Class:    199.77 KB used.
       Both:      3.51 MB used.

Virtual space:
  Non-class space:       64.00 MB reserved,       3.44 MB (  5%) committed,  1 nodes.
      Class space:        1.00 GB reserved,     256.00 KB ( <1%) committed,  1 nodes.
             Both:        1.06 GB reserved,       3.69 MB ( <1%) committed. 

Chunk freelists:
   Non-Class:  10.28 MB
       Class:  15.66 MB
        Both:  25.94 MB

MaxMetaspaceSize: unlimited
CompressedClassSpaceSize: 1.00 GB
Initial GC threshold: 21.00 MB
Current GC threshold: 21.00 MB
CDS: on
 - commit_granule_bytes: 65536.
 - commit_granule_words: 8192.
 - virtual_space_node_default_size: 8388608.
 - enlarge_chunks_in_place: 1.
UseCompressedClassPointers 1, UseCompactObjectHeaders 0
Narrow klass pointer bits 32, Max shift 3
Narrow klass base: 0x00000211a2000000, Narrow klass shift: 0
Encoding Range: [0x00000211a2000000 - 0x00000212a2000000), (4294967296 bytes)
Klass Range:    [0x00000211a2000000 - 0x00000211e3000000), (1090519040 bytes)
Klass ID Range:  [8 - 1090519033) (1090519025)


Internal statistics:

num_allocs_failed_limit: 0.
num_arena_births: 76.
num_arena_deaths: 0.
num_vsnodes_births: 2.
num_vsnodes_deaths: 0.
num_space_committed: 58.
num_space_uncommitted: 0.
num_chunks_returned_to_freelist: 0.
num_chunks_taken_from_freelist: 176.
num_chunk_merges: 0.
num_chunk_splits: 104.
num_chunks_enlarged: 60.
num_inconsistent_stats: 0.

CodeHeap 'non-profiled nmethods': size=120064Kb used=202Kb max_used=202Kb free=119861Kb
 bounds [0x0000021194910000, 0x0000021194b80000, 0x000002119be50000]
CodeHeap 'profiled nmethods': size=120000Kb used=910Kb max_used=910Kb free=119089Kb
 bounds [0x000002118ce50000, 0x000002118d0c0000, 0x0000021194380000]
CodeHeap 'non-nmethods': size=5696Kb used=1861Kb max_used=1874Kb free=3834Kb
 bounds [0x0000021194380000, 0x00000211945f0000, 0x0000021194910000]
CodeCache: size=245760Kb, used=2973Kb, max_used=2986Kb, free=242784Kb
 total_blobs=1761, nmethods=719, adapters=948, full_count=0
Compilation: enabled, stopped_count=0, restarted_count=0

Compilation events (20 events):
Event: 3.044 Thread 0x00000211a10f7290  714       3       org.lwjgl.system.MemoryUtil::memASCII (54 bytes)
Event: 3.045 Thread 0x00000211a10f7290 nmethod 714 0x000002118cf30208 code [0x000002118cf303a0, 0x000002118cf30bb8]
Event: 3.045 Thread 0x00000211a10f7290  715       3       java.lang.String::<init> (128 bytes)
Event: 3.046 Thread 0x00000211a10f7290 nmethod 715 0x000002118cf30c08 code [0x000002118cf30da0, 0x000002118cf314f8]
Event: 3.046 Thread 0x00000211a10f7290  710       3       org.lwjgl.system.MemoryUtil::memByteBuffer (17 bytes)
Event: 3.047 Thread 0x00000211a10f7290 nmethod 710 0x000002118cf31588 code [0x000002118cf316c0, 0x000002118cf31948]
Event: 3.047 Thread 0x00000211a10f7290  711       3       java.nio.ByteBuffer::get (54 bytes)
Event: 3.048 Thread 0x00000211a10f7290 nmethod 711 0x000002118cf31988 code [0x000002118cf31b00, 0x000002118cf32118]
Event: 3.048 Thread 0x00000211a10f7290  712   !   3       java.nio.ByteBuffer::getArray (121 bytes)
Event: 3.050 Thread 0x00000211a10f7290 nmethod 712 0x000002118cf32188 code [0x000002118cf32380, 0x000002118cf32ff8]
Event: 3.050 Thread 0x00000211a10f7290  713       3       org.lwjgl.system.MemoryUtil::memASCII (11 bytes)
Event: 3.050 Thread 0x00000211a10f7290 nmethod 713 0x000002118cf33088 code [0x000002118cf331e0, 0x000002118cf33538]
Event: 3.061 Thread 0x00000211a10eaf60  716       4       org.lwjgl.system.MemoryUtil::memPutAddress (29 bytes)
Event: 3.063 Thread 0x00000211a10eaf60 nmethod 716 0x0000021194941b08 code [0x0000021194941c00, 0x0000021194941c68]
Event: 3.085 Thread 0x00000211a10f7290  717       3       org.lwjgl.system.CustomBuffer::remaining (10 bytes)
Event: 3.085 Thread 0x00000211a10f7290 nmethod 717 0x000002118cf33588 code [0x000002118cf336a0, 0x000002118cf337b0]
Event: 3.088 Thread 0x00000211a10eaf60  718 %     4       com.programacion.paralela.FractalCpu::julia_serial_2 @ 38 (107 bytes)
Event: 3.107 Thread 0x00000211a10eaf60 nmethod 718% 0x0000021194941e08 code [0x0000021194941f40, 0x0000021194942300]
Event: 3.108 Thread 0x00000211a10eaf60  719       4       com.programacion.paralela.FractalCpu::julia_serial_2 (107 bytes)
Event: 3.126 Thread 0x00000211a10eaf60 nmethod 719 0x0000021194942388 code [0x00000211949424c0, 0x0000021194942850]

GC Heap History (0 events):
No events

Dll operation events (8 events):
Event: 0.022 Loaded shared library C:\Program Files\Java\jdk-24\bin\java.dll
Event: 0.078 Loaded shared library C:\Program Files\Java\jdk-24\bin\jsvml.dll
Event: 0.117 Loaded shared library C:\Program Files\Java\jdk-24\bin\net.dll
Event: 0.121 Loaded shared library C:\Program Files\Java\jdk-24\bin\nio.dll
Event: 0.161 Loaded shared library C:\Program Files\Java\jdk-24\bin\zip.dll
Event: 0.389 Loaded shared library C:\Program Files\Java\jdk-24\bin\jimage.dll
Event: 0.804 Loaded shared library C:\Users\fcaro\AppData\Local\Temp\lwjgl_fcaro\3.3.6+1\x64\lwjgl.dll
Event: 2.461 Loaded shared library C:\Users\fcaro\AppData\Local\Temp\lwjgl_fcaro\3.3.6+1\x64\lwjgl_opengl.dll

Deoptimization events (12 events):
Event: 0.230 Thread 0x0000021182c913f0 Uncommon trap: trap_request=0xffffff4d fr.pc=0x0000021194919e38 relative=0x0000000000000178
Event: 0.231 Thread 0x0000021182c913f0 Uncommon trap: reason=unstable_if action=reinterpret pc=0x0000021194919e38 method=com.programacion.paralela.FractalCpu.divergente_2(DD)I @ 32 c2
Event: 0.231 Thread 0x0000021182c913f0 DEOPT PACKING pc=0x0000021194919e38 sp=0x000000f96e4ff2c0
Event: 0.231 Thread 0x0000021182c913f0 DEOPT UNPACKING pc=0x0000021194496482 sp=0x000000f96e4ff210 mode 2
Event: 0.255 Thread 0x0000021182c913f0 DEOPT PACKING pc=0x000002118ce6cf01 sp=0x000000f96e4ff320
Event: 0.255 Thread 0x0000021182c913f0 DEOPT UNPACKING pc=0x00000211943d5722 sp=0x000000f96e4fe7d0 mode 0
Event: 0.287 Thread 0x0000021182c913f0 Uncommon trap: trap_request=0xffffff4d fr.pc=0x000002119491a700 relative=0x0000000000000340
Event: 0.287 Thread 0x0000021182c913f0 Uncommon trap: reason=unstable_if action=reinterpret pc=0x000002119491a700 method=com.programacion.paralela.FractalCpu.julia_serial_2()V @ 32 c2
Event: 0.287 Thread 0x0000021182c913f0 DEOPT PACKING pc=0x000002119491a700 sp=0x000000f96e4ff350
Event: 0.287 Thread 0x0000021182c913f0 DEOPT UNPACKING pc=0x0000021194496482 sp=0x000000f96e4ff2d0 mode 2
Event: 3.108 Thread 0x0000021182c913f0 DEOPT PACKING pc=0x000002118ce6d44d sp=0x000000f96e4ff310
Event: 3.108 Thread 0x0000021182c913f0 DEOPT UNPACKING pc=0x00000211943d5722 sp=0x000000f96e4fe790 mode 0

Classes loaded (20 events):
Event: 0.956 Loading class java/util/stream/WhileOps$1Op$1OpSink
Event: 0.956 Loading class java/util/stream/WhileOps$DropWhileSink
Event: 0.956 Loading class java/util/stream/WhileOps$DropWhileSink done
Event: 0.956 Loading class java/util/stream/WhileOps$1Op$1OpSink done
Event: 0.961 Loading class java/lang/foreign/MemorySegment
Event: 0.962 Loading class java/lang/foreign/MemorySegment done
Event: 0.972 Loading class java/nio/InvalidMarkException
Event: 0.973 Loading class java/nio/InvalidMarkException done
Event: 0.973 Loading class java/nio/BufferUnderflowException
Event: 0.973 Loading class java/nio/BufferUnderflowException done
Event: 1.012 Loading class java/lang/NoSuchFieldError
Event: 1.012 Loading class java/lang/NoSuchFieldError done
Event: 1.310 Loading class jdk/internal/reflect/MethodHandleIntegerFieldAccessorImpl
Event: 1.311 Loading class jdk/internal/reflect/MethodHandleIntegerFieldAccessorImpl done
Event: 2.476 Loading class jdk/internal/foreign/MemorySessionImpl
Event: 2.476 Loading class java/lang/foreign/MemorySegment$Scope
Event: 2.477 Loading class java/lang/foreign/MemorySegment$Scope done
Event: 2.477 Loading class jdk/internal/foreign/MemorySessionImpl done
Event: 2.930 Loading class java/util/StringTokenizer
Event: 2.930 Loading class java/util/StringTokenizer done

Classes unloaded (0 events):
No events

Classes redefined (0 events):
No events

Internal exceptions (20 events):
Event: 0.943 Thread 0x0000021182c913f0 Exception <a 'java/lang/NoSuchMethodError'{0x00000000a77a75e0}: 'java.lang.Object java.lang.invoke.DirectMethodHandle$Holder.newInvokeSpecial(java.lang.Object, java.lang.Object, int)'> (0x00000000a77a75e0) 
thrown [s\open\src\hotspot\share\interpreter\linkResolver.cpp, line 805]
Event: 0.965 Thread 0x0000021182c913f0 Exception <a 'java/lang/NoSuchMethodError'{0x00000000a77f3ec0}: 'int java.lang.invoke.DirectMethodHandle$Holder.invokeStaticInit(java.lang.Object, java.lang.Object, long, long)'> (0x00000000a77f3ec0) 
thrown [s\open\src\hotspot\share\interpreter\linkResolver.cpp, line 805]
Event: 0.967 Thread 0x0000021182c913f0 Exception <a 'java/lang/NoSuchMethodError'{0x00000000a77ff240}: 'java.lang.Object java.lang.invoke.DirectMethodHandle$Holder.newInvokeSpecial(java.lang.Object, java.lang.Object, long)'> (0x00000000a77ff240) 
thrown [s\open\src\hotspot\share\interpreter\linkResolver.cpp, line 805]
Event: 0.968 Thread 0x0000021182c913f0 Exception <a 'java/lang/NoSuchMethodError'{0x00000000a760c738}: 'java.lang.Object java.lang.invoke.Invokers$Holder.linkToTargetMethod(java.lang.Object, long, java.lang.Object)'> (0x00000000a760c738) 
thrown [s\open\src\hotspot\share\interpreter\linkResolver.cpp, line 805]
Event: 0.970 Thread 0x0000021182c913f0 Exception <a 'java/lang/NoSuchMethodError'{0x00000000a761cd20}: 'int java.lang.invoke.DirectMethodHandle$Holder.invokeStaticInit(java.lang.Object, java.lang.Object, java.lang.Object, long)'> (0x00000000a761cd20) 
thrown [s\open\src\hotspot\share\interpreter\linkResolver.cpp, line 805]
Event: 1.001 Thread 0x0000021182c913f0 Exception <a 'sun/nio/fs/WindowsException'{0x00000000a76af380}> (0x00000000a76af380) 
thrown [s\open\src\hotspot\share\prims\jni.cpp, line 518]
Event: 1.001 Thread 0x0000021182c913f0 Exception <a 'sun/nio/fs/WindowsException'{0x00000000a76af9d8}> (0x00000000a76af9d8) 
thrown [s\open\src\hotspot\share\prims\jni.cpp, line 518]
Event: 1.003 Thread 0x0000021182c913f0 Exception <a 'sun/nio/fs/WindowsException'{0x00000000a76b65f8}> (0x00000000a76b65f8) 
thrown [s\open\src\hotspot\share\prims\jni.cpp, line 518]
Event: 1.011 Thread 0x0000021182c913f0 Exception <a 'sun/nio/fs/WindowsException'{0x00000000a76bb2f8}> (0x00000000a76bb2f8) 
thrown [s\open\src\hotspot\share\prims\jni.cpp, line 518]
Event: 1.011 Thread 0x0000021182c913f0 Exception <a 'sun/nio/fs/WindowsException'{0x00000000a76bb658}> (0x00000000a76bb658) 
thrown [s\open\src\hotspot\share\prims\jni.cpp, line 518]
Event: 1.311 Thread 0x0000021182c913f0 Exception <a 'java/lang/NoSuchMethodError'{0x00000000a76cc518}: 'int java.lang.invoke.Invokers$Holder.invokeExact_MT(java.lang.Object, java.lang.Object)'> (0x00000000a76cc518) 
thrown [s\open\src\hotspot\share\interpreter\linkResolver.cpp, line 805]
Event: 2.177 Thread 0x0000021182c913f0 Exception <a 'java/lang/NoSuchMethodError'{0x00000000a7544850}: 'void java.lang.System.load(java.lang.String, java.lang.Class)'> (0x00000000a7544850) 
thrown [s\open\src\hotspot\share\interpreter\linkResolver.cpp, line 805]
Event: 2.179 Thread 0x0000021182c913f0 Exception <a 'java/lang/NoSuchMethodError'{0x00000000a754c6a0}: 'void java.lang.System.loadLibrary(java.lang.String, java.lang.Class)'> (0x00000000a754c6a0) 
thrown [s\open\src\hotspot\share\interpreter\linkResolver.cpp, line 805]
Event: 2.180 Thread 0x0000021182c913f0 Exception <a 'sun/nio/fs/WindowsException'{0x00000000a7554d58}> (0x00000000a7554d58) 
thrown [s\open\src\hotspot\share\prims\jni.cpp, line 518]
Event: 2.180 Thread 0x0000021182c913f0 Exception <a 'sun/nio/fs/WindowsException'{0x00000000a75553c0}> (0x00000000a75553c0) 
thrown [s\open\src\hotspot\share\prims\jni.cpp, line 518]
Event: 2.181 Thread 0x0000021182c913f0 Exception <a 'sun/nio/fs/WindowsException'{0x00000000a755c008}> (0x00000000a755c008) 
thrown [s\open\src\hotspot\share\prims\jni.cpp, line 518]
Event: 2.185 Thread 0x0000021182c913f0 Exception <a 'sun/nio/fs/WindowsException'{0x00000000a7560d50}> (0x00000000a7560d50) 
thrown [s\open\src\hotspot\share\prims\jni.cpp, line 518]
Event: 2.185 Thread 0x0000021182c913f0 Exception <a 'sun/nio/fs/WindowsException'{0x00000000a75610f0}> (0x00000000a75610f0) 
thrown [s\open\src\hotspot\share\prims\jni.cpp, line 518]
Event: 2.468 Thread 0x0000021182c913f0 Exception <a 'sun/nio/fs/WindowsException'{0x00000000a7569ea8}> (0x00000000a7569ea8) 
thrown [s\open\src\hotspot\share\prims\jni.cpp, line 518]
Event: 2.468 Thread 0x0000021182c913f0 Exception <a 'sun/nio/fs/WindowsException'{0x00000000a756a178}> (0x00000000a756a178) 
thrown [s\open\src\hotspot\share\prims\jni.cpp, line 518]

VM Operations (0 events):
No events

Memory protections (0 events):
No events

Nmethod flushes (0 events):
No events

Events (11 events):
Event: 0.050 Thread 0x0000021182c913f0 Thread added: 0x0000021182c913f0
Event: 0.074 Thread 0x0000021182c913f0 Thread added: 0x00000211a10d8690
Event: 0.074 Thread 0x0000021182c913f0 Thread added: 0x00000211a10d9940
Event: 0.075 Thread 0x0000021182c913f0 Thread added: 0x00000211a10e2010
Event: 0.075 Thread 0x0000021182c913f0 Thread added: 0x00000211a10e2b40
Event: 0.075 Thread 0x0000021182c913f0 Thread added: 0x00000211a10e41e0
Event: 0.075 Thread 0x0000021182c913f0 Thread added: 0x00000211a10e59b0
Event: 0.075 Thread 0x0000021182c913f0 Thread added: 0x00000211a10eaf60
Event: 0.076 Thread 0x0000021182c913f0 Thread added: 0x00000211a10f7290
Event: 0.096 Thread 0x0000021182c913f0 Thread added: 0x00000211a11bb8f0
Event: 0.104 Thread 0x0000021182c913f0 Thread added: 0x00000211a114de70


Dynamic libraries:
0x00007ff7e8d90000 - 0x00007ff7e8da0000 	C:\Program Files\Java\jdk-24\bin\java.exe
0x00007ff89d9c0000 - 0x00007ff89dc28000 	C:\WINDOWS\SYSTEM32\ntdll.dll
0x00007ff89c3d0000 - 0x00007ff89c499000 	C:\WINDOWS\System32\KERNEL32.DLL
0x00007ff89ae80000 - 0x00007ff89b278000 	C:\WINDOWS\System32\KERNELBASE.dll
0x00007ff897bc0000 - 0x00007ff897c5f000 	C:\WINDOWS\SYSTEM32\apphelp.dll
0x00007ff89ab10000 - 0x00007ff89ac5b000 	C:\WINDOWS\System32\ucrtbase.dll
0x00007ff8624c0000 - 0x00007ff8624d6000 	C:\Program Files\Java\jdk-24\bin\jli.dll
0x00007ff862440000 - 0x00007ff86245b000 	C:\Program Files\Java\jdk-24\bin\VCRUNTIME140.dll
0x00007ff89be90000 - 0x00007ff89c057000 	C:\WINDOWS\System32\USER32.dll
0x00007ff89b5e0000 - 0x00007ff89b607000 	C:\WINDOWS\System32\win32u.dll
0x00007ff89b880000 - 0x00007ff89b8ab000 	C:\WINDOWS\System32\GDI32.dll
0x00007ff89b4b0000 - 0x00007ff89b5dc000 	C:\WINDOWS\System32\gdi32full.dll
0x00007ff8856c0000 - 0x00007ff885954000 	C:\WINDOWS\WinSxS\amd64_microsoft.windows.common-controls_6595b64144ccf1df_6.0.26100.7019_none_3e06ffa0e335b8a8\COMCTL32.dll
0x00007ff89b400000 - 0x00007ff89b4a3000 	C:\WINDOWS\System32\msvcp_win.dll
0x00007ff89b760000 - 0x00007ff89b809000 	C:\WINDOWS\System32\msvcrt.dll
0x00007ff89bbb0000 - 0x00007ff89bbe1000 	C:\WINDOWS\System32\IMM32.DLL
0x00007ff87b010000 - 0x00007ff87b01c000 	C:\Program Files\Java\jdk-24\bin\vcruntime140_1.dll
0x00007ff831230000 - 0x00007ff8312be000 	C:\Program Files\Java\jdk-24\bin\msvcp140.dll
0x00007ffff6f30000 - 0x00007ffff7cd1000 	C:\Program Files\Java\jdk-24\bin\server\jvm.dll
0x00007ff89bdd0000 - 0x00007ff89be84000 	C:\WINDOWS\System32\ADVAPI32.dll
0x00007ff89cb40000 - 0x00007ff89cbe6000 	C:\WINDOWS\System32\sechost.dll
0x00007ff89ba90000 - 0x00007ff89bba8000 	C:\WINDOWS\System32\RPCRT4.dll
0x00007ff89c2c0000 - 0x00007ff89c334000 	C:\WINDOWS\System32\WS2_32.dll
0x00007ff89a990000 - 0x00007ff89a9ee000 	C:\WINDOWS\SYSTEM32\POWRPROF.dll
0x00007ff891550000 - 0x00007ff891585000 	C:\WINDOWS\SYSTEM32\WINMM.dll
0x00007ff8925f0000 - 0x00007ff8925fb000 	C:\WINDOWS\SYSTEM32\VERSION.dll
0x00007ff89a970000 - 0x00007ff89a984000 	C:\WINDOWS\SYSTEM32\UMPDC.dll
0x00007ff8998b0000 - 0x00007ff8998cb000 	C:\WINDOWS\SYSTEM32\kernel.appcore.dll
0x00007ff875870000 - 0x00007ff87587a000 	C:\Program Files\Java\jdk-24\bin\jimage.dll
0x00007ff891750000 - 0x00007ff891992000 	C:\WINDOWS\SYSTEM32\DBGHELP.DLL
0x00007ff89c6b0000 - 0x00007ff89ca3b000 	C:\WINDOWS\System32\combase.dll
0x00007ff89bcf0000 - 0x00007ff89bdc7000 	C:\WINDOWS\System32\OLEAUT32.dll
0x00007ff887510000 - 0x00007ff88754c000 	C:\WINDOWS\SYSTEM32\dbgcore.DLL
0x00007ff89add0000 - 0x00007ff89ae75000 	C:\WINDOWS\System32\bcryptPrimitives.dll
0x00007ff861d70000 - 0x00007ff861d8e000 	C:\Program Files\Java\jdk-24\bin\java.dll
0x00007ff89c120000 - 0x00007ff89c2b7000 	C:\WINDOWS\System32\ole32.dll
0x00007ff89d220000 - 0x00007ff89d96f000 	C:\WINDOWS\System32\SHELL32.dll
0x00007ff89ac60000 - 0x00007ff89adcb000 	C:\WINDOWS\System32\wintypes.dll
0x00007ff898720000 - 0x00007ff898f7d000 	C:\WINDOWS\SYSTEM32\windows.storage.dll
0x00007ff89c580000 - 0x00007ff89c672000 	C:\WINDOWS\System32\SHCORE.dll
0x00007ff89c0b0000 - 0x00007ff89c117000 	C:\WINDOWS\System32\shlwapi.dll
0x00007ff89aa30000 - 0x00007ff89aa59000 	C:\WINDOWS\SYSTEM32\profapi.dll
0x00007ff831150000 - 0x00007ff831227000 	C:\Program Files\Java\jdk-24\bin\jsvml.dll
0x00007ff8712e0000 - 0x00007ff8712f0000 	C:\Program Files\Java\jdk-24\bin\net.dll
0x00007ff899e40000 - 0x00007ff899eab000 	C:\WINDOWS\system32\mswsock.dll
0x00007ff83a260000 - 0x00007ff83a276000 	C:\Program Files\Java\jdk-24\bin\nio.dll
0x00007ff861ce0000 - 0x00007ff861cf7000 	C:\Program Files\Java\jdk-24\bin\zip.dll
0x00007ff838cc0000 - 0x00007ff838d3e000 	C:\Users\fcaro\AppData\Local\Temp\lwjgl_fcaro\3.3.6+1\x64\lwjgl.dll
0x00007ff837d90000 - 0x00007ff837e19000 	C:\Users\fcaro\AppData\Local\Temp\lwjgl_fcaro\3.3.6+1\x64\glfw.dll
0x00007ff868090000 - 0x00007ff8680db000 	C:\WINDOWS\SYSTEM32\dinput8.dll
0x00007ff870a80000 - 0x00007ff870a9c000 	C:\WINDOWS\SYSTEM32\xinput1_4.dll
0x00007ff89a690000 - 0x00007ff89a6e7000 	C:\WINDOWS\SYSTEM32\cfgmgr32.dll
0x00007ff89a660000 - 0x00007ff89a68d000 	C:\WINDOWS\SYSTEM32\DEVOBJ.dll
0x00007ff898060000 - 0x00007ff898090000 	C:\WINDOWS\SYSTEM32\dwmapi.dll
0x00007ff884e40000 - 0x00007ff885021000 	C:\WINDOWS\SYSTEM32\inputhost.dll
0x00007ff897780000 - 0x00007ff8978a7000 	C:\WINDOWS\SYSTEM32\CoreMessaging.dll
0x00007ff897de0000 - 0x00007ff897e8a000 	C:\WINDOWS\system32\uxtheme.dll
0x00007ff89d090000 - 0x00007ff89d1ee000 	C:\WINDOWS\System32\MSCTF.dll
0x00007ff89a100000 - 0x00007ff89a10c000 	C:\WINDOWS\SYSTEM32\CRYPTBASE.DLL
0x00007ff8532f0000 - 0x00007ff8533fc000 	C:\WINDOWS\SYSTEM32\opengl32.dll
0x00007ff852d70000 - 0x00007ff852d9d000 	C:\WINDOWS\SYSTEM32\GLU32.dll
0x00007ff897eb0000 - 0x00007ff897ef3000 	C:\WINDOWS\SYSTEM32\dxcore.dll
0x00007ff893880000 - 0x00007ff8938e3000 	C:\WINDOWS\SYSTEM32\directxdatabasehelper.dll
0x00007ff889b90000 - 0x00007ff889baa000 	C:\WINDOWS\SYSTEM32\windows.staterepositorycore.dll
0x00007ffff5a40000 - 0x00007ffff5a6f000 	C:\WINDOWS\System32\DriverStore\FileRepository\u0417877.inf_amd64_8b2c2b61b3f8a9e5\B417004\atig6pxx.dll
0x00007ffff1560000 - 0x00007ffff5a3e000 	C:\WINDOWS\System32\DriverStore\FileRepository\u0417877.inf_amd64_8b2c2b61b3f8a9e5\B417004\atio6axx.dll
0x00007ff89cc00000 - 0x00007ff89d08a000 	C:\WINDOWS\System32\SETUPAPI.dll
0x00007ff88f150000 - 0x00007ff88f185000 	C:\WINDOWS\SYSTEM32\amdihk64.dll
0x00007ff89b6d0000 - 0x00007ff89b74f000 	C:\WINDOWS\System32\WINTRUST.dll
0x00007ff89b280000 - 0x00007ff89b3f7000 	C:\WINDOWS\System32\CRYPT32.dll
0x00007ff89a170000 - 0x00007ff89a183000 	C:\WINDOWS\SYSTEM32\MSASN1.dll
0x00007ff89aa00000 - 0x00007ff89aa2a000 	C:\WINDOWS\SYSTEM32\BCrypt.dll
0x00007ff862a90000 - 0x00007ff862aed000 	C:\Users\fcaro\AppData\Local\Temp\lwjgl_fcaro\3.3.6+1\x64\lwjgl_opengl.dll
0x00007ff884c70000 - 0x00007ff884db7000 	C:\WINDOWS\SYSTEM32\textinputframework.dll
0x00007ff892e40000 - 0x00007ff893122000 	C:\WINDOWS\SYSTEM32\CoreUIComponents.dll

JVMTI agents: none

dbghelp: loaded successfully - version: 4.0.5 - missing functions: none
symbol engine: initialized successfully - sym options: 0x614 - pdb path: .;C:\Program Files\Java\jdk-24\bin;C:\WINDOWS\SYSTEM32;C:\WINDOWS\WinSxS\amd64_microsoft.windows.common-controls_6595b64144ccf1df_6.0.26100.7019_none_3e06ffa0e335b8a8;C:\Program Files\Java\jdk-24\bin\server;C:\Users\fcaro\AppData\Local\Temp\lwjgl_fcaro\3.3.6+1\x64;C:\WINDOWS\System32\DriverStore\FileRepository\u0417877.inf_amd64_8b2c2b61b3f8a9e5\B417004

VM Arguments:
jvm_args: -Dfile.encoding=UTF-8 -Duser.country=ES -Duser.language=es -Duser.variant 
java_command: com.programacion.paralela.FractalMain
java_class_path (initial): C:\tools\Proyectos\fractal_java\build\classes\java\main;C:\tools\Proyectos\fractal_java\build\resources\main;C:\Users\fcaro\.gradle\caches\modules-2\files-2.1\org.lwjgl\lwjgl-glfw\3.3.6\7119f7d0eeb1e5502ff0ca71d2b4d47317da015\lwjgl-glfw-3.3.6.jar;C:\Users\fcaro\.gradle\caches\modules-2\files-2.1\org.lwjgl\lwjgl-glfw\3.3.6\99ef08056feb9627f90425a4d2a22cd9fae8e39b\lwjgl-glfw-3.3.6-natives-windows.jar;C:\Users\fcaro\.gradle\caches\modules-2\files-2.1\org.lwjgl\lwjgl-opengl\3.3.6\ac2532612a4df374e9a9282bcf8ce2573018ebbb\lwjgl-opengl-3.3.6.jar;C:\Users\fcaro\.gradle\caches\modules-2\files-2.1\org.lwjgl\lwjgl-opengl\3.3.6\18dc639ebc94aa5202c2157f7490d28997b697c5\lwjgl-opengl-3.3.6-natives-windows.jar;C:\Users\fcaro\.gradle\caches\modules-2\files-2.1\org.lwjgl\lwjgl\3.3.6\ce7721d30cfaf47feaed10213e0c43eb55c49d68\lwjgl-3.3.6.jar;C:\Users\fcaro\.gradle\caches\modules-2\files-2.1\org.lwjgl\lwjgl\3.3.6\9a29b6a22fc5184604b8cb434ee5d5ecc4bfcbee\lwjgl-3.3.6-natives-windows.jar
Launcher Type: SUN_STANDARD

[Global flags]
     intx CICompilerCount                          = 4                                         {product} {ergonomic}
     uint ConcGCThreads                            = 2                                         {product} {ergonomic}
     uint G1ConcRefinementThreads                  = 8                                         {product} {ergonomic}
   size_t G1HeapRegionSize                         = 1048576                                   {product} {ergonomic}
   size_t InitialHeapSize                          = 100663296                                 {product} {ergonomic}
   size_t MarkStackSize                            = 4194304                                   {product} {ergonomic}
   size_t MarkStackSizeMax                         = 536870912                                 {product} {ergonomic}
   size_t MaxHeapSize                              = 1581252608                                {product} {ergonomic}
   size_t MaxNewSize                               = 947912704                                 {product} {ergonomic}
   size_t MinHeapDeltaBytes                        = 1048576                                   {product} {ergonomic}
   size_t MinHeapSize                              = 8388608                                   {product} {ergonomic}
    uintx NonNMethodCodeHeapSize                   = 5832704                                {pd product} {ergonomic}
    uintx NonProfiledCodeHeapSize                  = 122945536                              {pd product} {ergonomic}
    uintx ProfiledCodeHeapSize                     = 122880000                              {pd product} {ergonomic}
    uintx ReservedCodeCacheSize                    = 251658240                              {pd product} {ergonomic}
     bool SegmentedCodeCache                       = true                                      {product} {ergonomic}
   size_t SoftMaxHeapSize                          = 1581252608                             {manageable} {ergonomic}
     bool UseCompressedOops                        = true                           {product lp64_product} {ergonomic}
     bool UseG1GC                                  = true                                      {product} {ergonomic}
     bool UseLargePagesIndividualAllocation        = false                                  {pd product} {ergonomic}

Logging:
Log output configuration:
 #0: stdout all=warning uptime,level,tags foldmultilines=false
 #1: stderr all=off uptime,level,tags foldmultilines=false

Environment Variables:
JAVA_HOME=C:\Program Files\Java\jdk-24
PATH=C:\Program Files\Common Files\Oracle\Java\javapath;C:\Program Files\Eclipse Adoptium\jdk-21.0.6.7-hotspot\bin;C:\WINDOWS\system32;C:\WINDOWS;C:\WINDOWS\System32\Wbem;C:\WINDOWS\System32\WindowsPowerShell\v1.0\;C:\WINDOWS\System32\OpenSSH\;C:\Program Files\dotnet\;C:\Program Files\Git\cmd;C:\Program Files\nodejs\;C:\Program Files\Apache\apache-maven-3.9.9\bin;C:\tools\mingw64\bin;C:\Users\fcaro\AppData\Local\Programs\Python\Python313\Scripts\;C:\Users\fcaro\AppData\Local\Programs\Python\Python313\;C:\Users\fcaro\AppData\Local\Programs\Python\Launcher\;C:\Users\fcaro\AppData\Local\Microsoft\WindowsApps;C:\Users\fcaro\AppData\Local\GitHubDesktop\bin;C:\Users\fcaro\AppData\Local\Programs\Microsoft VS Code\bin;C:\Users\fcaro\AppData\Roaming\npm;C:\Program Files\Apache\apache-maven-3.9.9\bin;C:\Program Files\JetBrains\IntelliJ IDEA 2025.2.4\bin
USERNAME=fcaro
OS=Windows_NT
PROCESSOR_IDENTIFIER=AMD64 Family 23 Model 24 Stepping 1, AuthenticAMD
TMP=C:\Users\fcaro\AppData\Local\Temp
TEMP=C:\Users\fcaro\AppData\Local\Temp




Periodic native trim disabled

---------------  S Y S T E M  ---------------

OS:
 Windows 11 , 64 bit Build 26100 (10.0.26100.7019)
OS uptime: 0 days 1:20 hours
Hyper-V role detected

CPU: total 8 (initial active 8) (8 cores per cpu, 2 threads per core) family 23 model 24 stepping 1 microcode 0x810810e, cx8, cmov, fxsr, ht, mmx, 3dnowpref, sse, sse2, sse3, ssse3, sse4a, sse4.1, sse4.2, popcnt, lzcnt, tsc, tscinvbit, avx, avx2, aes, clmul, bmi1, bmi2, adx, sha, fma, vzeroupper, clflush, clflushopt, hv, rdtscp, f16c
Processor Information for the first 8 processors :
  Max Mhz: 2100, Current Mhz: 2100, Mhz Limit: 2100

Memory: 4k page, system-wide physical 6030M (476M free)
TotalPageFile size 18963M (AvailPageFile size 5758M)
current process WorkingSet (physical memory assigned to process): 127M, peak: 127M
current process commit charge ("private bytes"): 274M, peak: 274M

vm_info: Java HotSpot(TM) 64-Bit Server VM (24.0.2+12-54) for windows-amd64 JRE (24.0.2+12-54), built on 2025-07-08T12:10:27Z with MS VC++ 17.6 (VS2022)

END.
